MPASM  5.51                 UPDOWNCOUNTER.ASM   10-17-2013  17:42:06         PAGE  1


LOC  OBJECT CODE     LINE SOURCE TEXT
  VALUE

                      00001                 LIST P=16F74
                      00002                 title "Counting Program"
Error[113]  : Symbol not previously defined (B)
Error[124]  : Illegal argument (expected single character)
Error[112]  : Missing operator
Error[126]  : Argument out of range (not a valid config register address)
                      00003                 __CONFIG B"11111110110010"
                      00004                 
                      00005                 #include <P16F74.INC>
                      00001         LIST
                      00002 
                      00003 ;==========================================================================
                      00004 ;  MPASM PIC16F74 processor include
                      00005 ; 
                      00006 ;  (c) Copyright 1999-2013 Microchip Technology, All rights reserved
                      00007 ;==========================================================================
                      00008 
Message[301]: MESSAGE: (Processor-header file mismatch.  Verify selected processor.)
                      00497         LIST
                      00006                 
                      00007 ; Variable Declarations
                      00008 
  00000020            00009 Count   equ             20h                             ; counter
  00000021            00010 Temp    equ             21h                             ; temporary register
  00000022            00011 State   equ             22h                             ; program state register
                      00012                 
                      00013                 
                      00014                 org 00h                                 ; Assembler directive - reset vector
                      00015                 
0000   2???           00016                 goto    initPort
                      00017                 
                      00018                 org     04h                             ; interrupt vector
0004   2???           00019                 goto    isrService              ; jump to interrupt routine (dummy)
                      00020                 
                      00021                 org 10h                                 ; beginning of program storage
                      00022                 
                      00023 ;%%%%%%%%%%%%%%%%%%%%%%%%%%%%%%%%%%%%%%%%%%%%%%%%%%%%%%%%%%%%%%%%
                      00024 
                      00025 ; Port Initialization
                      00026 
0010                  00027 initPort
                      00028 
0010   0188           00029                 clrf    PORTD                   ; Clear Port D output latches
0011   0187           00030                 clrf    PORTC                   ; Clear Port C output latches
0012   1683           00031                 bsf             STATUS,RP0              ; Set bit in STATUS register for bank 1
0013   30FF           00032                 movlw   B'11111111'             ; move hex value FF into W register
Message[302]: Register in operand not in bank 0.  Ensure that bank bits are correct.
0014   0087           00033                 movwf   TRISC                   ; Configure port C as all inputs
Message[302]: Register in operand not in bank 0.  Ensure that bank bits are correct.
0015   0188           00034                 clrf    TRISD                   ; configure port D as all outputs
0016   1283           00035                 bcf             STATUS,RP0              ; clear bit in STATUS register for bank 0
0017   01A0           00036                 clrf    Count                   ; zero the counter
                      00037                 
MPASM  5.51                 UPDOWNCOUNTER.ASM   10-17-2013  17:42:06         PAGE  2
Counting Program

LOC  OBJECT CODE     LINE SOURCE TEXT
  VALUE

                      00038 ;%%%%%%%%%%%%%%%%%%%%%%%%%%%%%%%%%%%%%%%%%%%%%%%%%%%%%%%%%%%%%%%%
                      00039 
0018                  00040 waitPress       
0018   1807           00041                 btfsc   PORTC,0                 ; see if green button pressed
0019   2???           00042                 goto    GreenPress              ; green button is pressed
001A   1887           00043                 btfsc   PORTC,1                 ; see if red button pressed
001B   2???           00044                 goto    RedPress                ; red button is pressed
001C   2???           00045                 goto    waitPress               ; keep checking
                      00046                 
001D                  00047 GreenPress
001D   1C07           00048                 btfss   PORTC,0                 ; check if green button still pressed
001E   2???           00049                 goto    waitPress               ; noise - keep checking for press
                      00050                 
001F                  00051 GreenRelease            
001F   1807           00052                 btfsc   PORTC,0                 ; check if green button released
0020   2???           00053                 goto    GreenRelease    ; no - wait
                      00054                 
0021   2???           00055                 call    SwitchDelay             ; let switch debounce
0022   2???           00056                 goto    IncCount                ; increment the counter
                      00057                 
0023                  00058 RedPress
0023   1C87           00059                 btfss   PORTC,1                 ; check if red button still pressed
0024   2???           00060                 goto    waitPress               ; noise - keep checking for press       
                      00061                 
0025                  00062 RedRelease
0025   1887           00063                 btfsc   PORTC,1                 ; check if red button released
0026   2???           00064                 goto    RedRelease              ; no - keep checking for release
                      00065                 
0027   2???           00066                 call    SwitchDelay             ; let the switch debounce
0028   03A0           00067                 decf    Count,F                 ; decrement the count - store in register
0029   2???           00068                 goto    outCount                ; output count on LEDs
                      00069                 
002A                  00070 IncCount        
002A   0AA0           00071                 incf    Count,F                 ; increment the count - store in register
                      00072                 
002B                  00073 outCount
002B   0820           00074                 movf    Count,W                 ; move the count to W register
002C   0088           00075                 movwf   PORTD                   ; display count on Port D
                      00076                 
002D   2???           00077                 goto    waitPress               ; wait for next button press
                      00078                 
002E                  00079 SwitchDelay
002E   3014           00080                 movlw   D'20'                   ; Load with decimal 20
002F   00A1           00081                 movwf   Temp
0030                  00082 delay
0030   0BA1           00083                 decfsz  Temp,F                  ; 60usec delay
0031   2???           00084                 goto    delay
0032   0008           00085                 return
                      00086                 
                      00087 ;~~~~~~~~~~~~~~~~~~~~~~~~~~~~~~~~~~~~~~~~~~~~~~~~~~~~~~~~~~~~~~~~
                      00088 
0033                  00089 isrService
0033   2???           00090                 goto isrService                 ; error - stay here
MPASM  5.51                 UPDOWNCOUNTER.ASM   10-17-2013  17:42:06         PAGE  3
Counting Program

LOC  OBJECT CODE     LINE SOURCE TEXT
  VALUE

                      00091                 
                      00092 ;~~~~~~~~~~~~~~~~~~~~~~~~~~~~~~~~~~~~~~~~~~~~~~~~~~~~~~~~~~~~~~~~
                      00093 
                      00094                 END                                             ; Assembler directive - end of program
MPASM  5.51                 UPDOWNCOUNTER.ASM   10-17-2013  17:42:06         PAGE  4
Counting Program

SYMBOL TABLE
  LABEL                             VALUE 

ADCON0                            0000001F
ADCON1                            0000009F
ADCS0                             00000006
ADCS1                             00000007
ADIE                              00000006
ADIF                              00000006
ADON                              00000000
ADRES                             0000001E
BF                                00000000
BRGH                              00000002
C                                 00000000
CCP1CON                           00000017
CCP1IE                            00000002
CCP1IF                            00000002
CCP1M0                            00000000
CCP1M1                            00000001
CCP1M2                            00000002
CCP1M3                            00000003
CCP1X                             00000005
CCP1Y                             00000004
CCP2CON                           0000001D
CCP2IE                            00000000
CCP2IF                            00000000
CCP2M0                            00000000
CCP2M1                            00000001
CCP2M2                            00000002
CCP2M3                            00000003
CCP2X                             00000005
CCP2Y                             00000004
CCPR1                             00000015
CCPR1H                            00000016
CCPR1L                            00000015
CCPR2                             0000001B
CCPR2H                            0000001C
CCPR2L                            0000001B
CHS0                              00000003
CHS1                              00000004
CHS2                              00000005
CKE                               00000006
CKP                               00000004
CREN                              00000004
CSRC                              00000007
Count                             00000020
D                                 00000005
DATA_ADDRESS                      00000005
DC                                00000001
D_A                               00000005
D_NOT_A                           00000005
F                                 00000001
FERR                              00000002
FSR                               00000004
GIE                               00000007
GO                                00000002
MPASM  5.51                 UPDOWNCOUNTER.ASM   10-17-2013  17:42:06         PAGE  5
Counting Program

SYMBOL TABLE
  LABEL                             VALUE 

GO_DONE                           00000002
GO_NOT_DONE                       00000002
GreenPress                        0000001D
GreenRelease                      0000001F
I2C_DATA                          00000005
I2C_READ                          00000002
I2C_START                         00000003
I2C_STOP                          00000004
IBF                               00000007
IBOV                              00000005
INDF                              00000000
INTCON                            0000000B
INTE                              00000004
INTEDG                            00000006
INTF                              00000001
IRP                               00000007
IncCount                          0000002A
NOT_A                             00000005
NOT_ADDRESS                       00000005
NOT_BO                            00000000
NOT_BOR                           00000000
NOT_DONE                          00000002
NOT_PD                            00000003
NOT_POR                           00000001
NOT_RBPU                          00000007
NOT_RC8                           00000006
NOT_T1SYNC                        00000002
NOT_TO                            00000004
NOT_TX8                           00000006
NOT_W                             00000002
NOT_WRITE                         00000002
OBF                               00000006
OERR                              00000001
OPTION_REG                        00000081
P                                 00000004
PCFG0                             00000000
PCFG1                             00000001
PCFG2                             00000002
PCL                               00000002
PCLATH                            0000000A
PCON                              0000008E
PEIE                              00000006
PIE1                              0000008C
PIE2                              0000008D
PIR1                              0000000C
PIR2                              0000000D
PMADR                             0000010D
PMADRH                            0000010F
PMCON1                            0000018C
PMDATA                            0000010C
PMDATH                            0000010E
PORTA                             00000005
PORTB                             00000006
MPASM  5.51                 UPDOWNCOUNTER.ASM   10-17-2013  17:42:06         PAGE  6
Counting Program

SYMBOL TABLE
  LABEL                             VALUE 

PORTC                             00000007
PORTD                             00000008
PORTE                             00000009
PR2                               00000092
PS0                               00000000
PS1                               00000001
PS2                               00000002
PSA                               00000003
PSPIE                             00000007
PSPIF                             00000007
PSPMODE                           00000004
R                                 00000002
RA0                               00000000
RA1                               00000001
RA2                               00000002
RA3                               00000003
RA4                               00000004
RA5                               00000005
RB0                               00000000
RB1                               00000001
RB2                               00000002
RB3                               00000003
RB4                               00000004
RB5                               00000005
RB6                               00000006
RB7                               00000007
RBIE                              00000003
RBIF                              00000000
RC0                               00000000
RC1                               00000001
RC2                               00000002
RC3                               00000003
RC4                               00000004
RC5                               00000005
RC6                               00000006
RC7                               00000007
RC8_9                             00000006
RC9                               00000006
RCD8                              00000000
RCIE                              00000005
RCIF                              00000005
RCREG                             0000001A
RCSTA                             00000018
RD                                00000000
RD0                               00000000
RD1                               00000001
RD2                               00000002
RD3                               00000003
RD4                               00000004
RD5                               00000005
RD6                               00000006
RD7                               00000007
RE0                               00000000
MPASM  5.51                 UPDOWNCOUNTER.ASM   10-17-2013  17:42:06         PAGE  7
Counting Program

SYMBOL TABLE
  LABEL                             VALUE 

RE1                               00000001
RE2                               00000002
READ_WRITE                        00000002
RP0                               00000005
RP1                               00000006
RX9                               00000006
RX9D                              00000000
R_NOT_W                           00000002
R_W                               00000002
RedPress                          00000023
RedRelease                        00000025
S                                 00000003
SMP                               00000007
SPBRG                             00000099
SPEN                              00000007
SREN                              00000005
SSPADD                            00000093
SSPBUF                            00000013
SSPCON                            00000014
SSPEN                             00000005
SSPIE                             00000003
SSPIF                             00000003
SSPM0                             00000000
SSPM1                             00000001
SSPM2                             00000002
SSPM3                             00000003
SSPOV                             00000006
SSPSTAT                           00000094
STATUS                            00000003
SYNC                              00000004
State                             00000022
SwitchDelay                       0000002E
T0CS                              00000005
T0IE                              00000005
T0IF                              00000002
T0SE                              00000004
T1CKPS0                           00000004
T1CKPS1                           00000005
T1CON                             00000010
T1INSYNC                          00000002
T1OSCEN                           00000003
T2CKPS0                           00000000
T2CKPS1                           00000001
T2CON                             00000012
TMR0                              00000001
TMR0IE                            00000005
TMR0IF                            00000002
TMR1                              0000000E
TMR1CS                            00000001
TMR1H                             0000000F
TMR1IE                            00000000
TMR1IF                            00000000
TMR1L                             0000000E
MPASM  5.51                 UPDOWNCOUNTER.ASM   10-17-2013  17:42:06         PAGE  8
Counting Program

SYMBOL TABLE
  LABEL                             VALUE 

TMR1ON                            00000000
TMR2                              00000011
TMR2IE                            00000001
TMR2IF                            00000001
TMR2ON                            00000002
TOUTPS0                           00000003
TOUTPS1                           00000004
TOUTPS2                           00000005
TOUTPS3                           00000006
TRISA                             00000085
TRISA0                            00000000
TRISA1                            00000001
TRISA2                            00000002
TRISA3                            00000003
TRISA4                            00000004
TRISA5                            00000005
TRISB                             00000086
TRISB0                            00000000
TRISB1                            00000001
TRISB2                            00000002
TRISB3                            00000003
TRISB4                            00000004
TRISB5                            00000005
TRISB6                            00000006
TRISB7                            00000007
TRISC                             00000087
TRISC0                            00000000
TRISC1                            00000001
TRISC2                            00000002
TRISC3                            00000003
TRISC4                            00000004
TRISC5                            00000005
TRISC6                            00000006
TRISC7                            00000007
TRISD                             00000088
TRISD0                            00000000
TRISD1                            00000001
TRISD2                            00000002
TRISD3                            00000003
TRISD4                            00000004
TRISD5                            00000005
TRISD6                            00000006
TRISD7                            00000007
TRISE                             00000089
TRISE0                            00000000
TRISE1                            00000001
TRISE2                            00000002
TRMT                              00000001
TX8_9                             00000006
TX9                               00000006
TX9D                              00000000
TXD8                              00000000
TXEN                              00000005
MPASM  5.51                 UPDOWNCOUNTER.ASM   10-17-2013  17:42:06         PAGE  9
Counting Program

SYMBOL TABLE
  LABEL                             VALUE 

TXIE                              00000004
TXIF                              00000004
TXREG                             00000019
TXSTA                             00000098
Temp                              00000021
UA                                00000001
W                                 00000000
WCOL                              00000007
Z                                 00000002
_BODEN_OFF                        00003FBF
_BODEN_ON                         00003FFF
_BOREN_OFF                        00003FBF
_BOREN_ON                         00003FFF
_CONFIG                           00002007
_CP_ALL                           00003FEF
_CP_OFF                           00003FFF
_CP_ON                            00003FEF
_DEVID1                           00002006
_FOSC_HS                          00003FFE
_FOSC_LP                          00003FFC
_FOSC_RC                          00003FFF
_FOSC_XT                          00003FFD
_HS_OSC                           00003FFE
_IDLOC0                           00002000
_IDLOC1                           00002001
_IDLOC2                           00002002
_IDLOC3                           00002003
_LP_OSC                           00003FFC
_PWRTE_OFF                        00003FFF
_PWRTE_ON                         00003FF7
_RC_OSC                           00003FFF
_WDTE_OFF                         00003FFB
_WDTE_ON                          00003FFF
_WDT_OFF                          00003FFB
_WDT_ON                           00003FFF
_XT_OSC                           00003FFD
__16F747                          00000001
__DEBUG                           1
delay                             00000030
initPort                          00000010
isrService                        00000033
outCount                          0000002B
waitPress                         00000018

Errors   :     4
Warnings :     0 reported,     0 suppressed
Messages :     3 reported,     0 suppressed

