MPLINK 4.49, Linker
Linker Map File - Created Fri Oct 18 09:00:20 2013

                                 Section Info
                  Section       Type    Address   Location Size(Bytes)
                ---------  ---------  ---------  ---------  ---------
                   .org_0       code   0x000000    program   0x000000
                   .org_1       code   0x000000    program   0x000002
                   .org_2       code   0x000004    program   0x000002
                   .org_3       code   0x000010    program   0x000048
.config_2007_UPDOWNCOUNTER.O       code   0x002007    program   0x000002



                              Program Memory Usage 
                               Start         End      
                           ---------   ---------      
                            0x000000    0x000000      
                            0x000004    0x000004      
                            0x000010    0x000033      
                            0x002007    0x002007      
            39 out of 4102 program addresses used, program memory utilization is 0%



                              Symbols - Sorted by Name
                     Name    Address   Location    Storage File                     
                ---------  ---------  ---------  --------- ---------                
               GreenPress   0x00001d    program     static E:\Mechatronics\UpDownCounter\UpDownCounter.asm
             GreenRelease   0x00001f    program     static E:\Mechatronics\UpDownCounter\UpDownCounter.asm
                 IncCount   0x00002a    program     static E:\Mechatronics\UpDownCounter\UpDownCounter.asm
                 RedPress   0x000023    program     static E:\Mechatronics\UpDownCounter\UpDownCounter.asm
               RedRelease   0x000025    program     static E:\Mechatronics\UpDownCounter\UpDownCounter.asm
              SwitchDelay   0x00002e    program     static E:\Mechatronics\UpDownCounter\UpDownCounter.asm
                    delay   0x000030    program     static E:\Mechatronics\UpDownCounter\UpDownCounter.asm
                 initPort   0x000010    program     static E:\Mechatronics\UpDownCounter\UpDownCounter.asm
               isrService   0x000033    program     static E:\Mechatronics\UpDownCounter\UpDownCounter.asm
                 outCount   0x00002b    program     static E:\Mechatronics\UpDownCounter\UpDownCounter.asm
                waitPress   0x000018    program     static E:\Mechatronics\UpDownCounter\UpDownCounter.asm



                              Symbols - Sorted by Address
                     Name    Address   Location    Storage File                     
                ---------  ---------  ---------  --------- ---------                
                 initPort   0x000010    program     static E:\Mechatronics\UpDownCounter\UpDownCounter.asm
                waitPress   0x000018    program     static E:\Mechatronics\UpDownCounter\UpDownCounter.asm
               GreenPress   0x00001d    program     static E:\Mechatronics\UpDownCounter\UpDownCounter.asm
             GreenRelease   0x00001f    program     static E:\Mechatronics\UpDownCounter\UpDownCounter.asm
                 RedPress   0x000023    program     static E:\Mechatronics\UpDownCounter\UpDownCounter.asm
               RedRelease   0x000025    program     static E:\Mechatronics\UpDownCounter\UpDownCounter.asm
                 IncCount   0x00002a    program     static E:\Mechatronics\UpDownCounter\UpDownCounter.asm
                 outCount   0x00002b    program     static E:\Mechatronics\UpDownCounter\UpDownCounter.asm
              SwitchDelay   0x00002e    program     static E:\Mechatronics\UpDownCounter\UpDownCounter.asm
                    delay   0x000030    program     static E:\Mechatronics\UpDownCounter\UpDownCounter.asm
               isrService   0x000033    program     static E:\Mechatronics\UpDownCounter\UpDownCounter.asm


