MPLINK 4.49, Linker
Linker Map File - Created Fri Oct 18 10:00:03 2013

                                 Section Info
                  Section       Type    Address   Location Size(Bytes)
                ---------  ---------  ---------  ---------  ---------
                   .org_0       code   0x000000    program   0x000002
                   .cinit    romdata   0x000001    program   0x000004
                   .org_1       code   0x000004    program   0x000002
                   .org_2       code   0x000010    program   0x000038
.config_2007_ATODPOLLED.O       code   0x002007    program   0x000002



                              Program Memory Usage 
                               Start         End      
                           ---------   ---------      
                            0x000000    0x000002      
                            0x000004    0x000004      
                            0x000010    0x00002b      
                            0x002007    0x002007      
            33 out of 4102 program addresses used, program memory utilization is 0%



                              Symbols - Sorted by Name
                     Name    Address   Location    Storage File                     
                ---------  ---------  ---------  --------- ---------                
               SetupDelay   0x000026    program     static E:\Mechatronics\AtoDpolled\AtoDpolled.asm
                    delay   0x000028    program     static E:\Mechatronics\AtoDpolled\AtoDpolled.asm
                   initAD   0x00001f    program     static E:\Mechatronics\AtoDpolled\AtoDpolled.asm
                 initPort   0x000010    program     static E:\Mechatronics\AtoDpolled\AtoDpolled.asm
               isrService   0x00002b    program     static E:\Mechatronics\AtoDpolled\AtoDpolled.asm
                 waitLoop   0x000017    program     static E:\Mechatronics\AtoDpolled\AtoDpolled.asm



                              Symbols - Sorted by Address
                     Name    Address   Location    Storage File                     
                ---------  ---------  ---------  --------- ---------                
                 initPort   0x000010    program     static E:\Mechatronics\AtoDpolled\AtoDpolled.asm
                 waitLoop   0x000017    program     static E:\Mechatronics\AtoDpolled\AtoDpolled.asm
                   initAD   0x00001f    program     static E:\Mechatronics\AtoDpolled\AtoDpolled.asm
               SetupDelay   0x000026    program     static E:\Mechatronics\AtoDpolled\AtoDpolled.asm
                    delay   0x000028    program     static E:\Mechatronics\AtoDpolled\AtoDpolled.asm
               isrService   0x00002b    program     static E:\Mechatronics\AtoDpolled\AtoDpolled.asm


