MPLINK 4.33, Linker
Linker Map File - Created Fri Oct 18 14:13:06 2013

                                 Section Info
                  Section       Type    Address   Location Size(Bytes)
                ---------  ---------  ---------  ---------  ---------
                   .org_0       code   0x000000    program   0x000002
                   .cinit    romdata   0x000001    program   0x000004
                   .org_1       code   0x000004    program   0x000002
                   .org_2       code   0x000010    program   0x00002c
     .config_2007_TIMER.O       code   0x002007    program   0x000002



                              Program Memory Usage 
                               Start         End      
                           ---------   ---------      
                            0x000000    0x000002      
                            0x000004    0x000004      
                            0x000010    0x000025      
                            0x002007    0x002007      
            27 out of 4101 program addresses used, program memory utilization is 0%



                              Symbols - Sorted by Name
                     Name    Address   Location    Storage File                     
                ---------  ---------  ---------  --------- ---------                
                    delay   0x00001b    program     static D:\tim\Timer\Timer.asm   
                 initPort   0x000010    program     static D:\tim\Timer\Timer.asm   
               isrService   0x000025    program     static D:\tim\Timer\Timer.asm   
                 timeLoop   0x000015    program     static D:\tim\Timer\Timer.asm   



                              Symbols - Sorted by Address
                     Name    Address   Location    Storage File                     
                ---------  ---------  ---------  --------- ---------                
                 initPort   0x000010    program     static D:\tim\Timer\Timer.asm   
                 timeLoop   0x000015    program     static D:\tim\Timer\Timer.asm   
                    delay   0x00001b    program     static D:\tim\Timer\Timer.asm   
               isrService   0x000025    program     static D:\tim\Timer\Timer.asm   


