MPLINK 4.49, Linker
Linker Map File - Created Tue Oct 22 11:18:20 2013

                                 Section Info
                  Section       Type    Address   Location Size(Bytes)
                ---------  ---------  ---------  ---------  ---------
                   .org_0       code   0x000000    program   0x000002
                   .cinit    romdata   0x000001    program   0x000004
                   .org_1       code   0x000004    program   0x000002
                   .org_2       code   0x000010    program   0x0000ba
.config_2007_ONOFFCONTROL.O       code   0x002007    program   0x000002



                              Program Memory Usage 
                               Start         End      
                           ---------   ---------      
                            0x000000    0x000002      
                            0x000004    0x000004      
                            0x000010    0x00006c      
                            0x002007    0x002007      
            98 out of 4102 program addresses used, program memory utilization is 2%



                              Symbols - Sorted by Name
                     Name    Address   Location    Storage File                     
                ---------  ---------  ---------  --------- ---------                
               GreenPress   0x00002c    program     static E:\Mechatronics\OnOffControl\OnOffControl.asm
             GreenRelease   0x00002e    program     static E:\Mechatronics\OnOffControl\OnOffControl.asm
                    Mode1   0x00004a    program     static E:\Mechatronics\OnOffControl\OnOffControl.asm
              Mode1Extend   0x00004d    program     static E:\Mechatronics\OnOffControl\OnOffControl.asm
                    Mode2   0x000051    program     static E:\Mechatronics\OnOffControl\OnOffControl.asm
                    Mode3   0x000052    program     static E:\Mechatronics\OnOffControl\OnOffControl.asm
               ModeSelect   0x00003f    program     static E:\Mechatronics\OnOffControl\OnOffControl.asm
              ModeSelectA   0x000047    program     static E:\Mechatronics\OnOffControl\OnOffControl.asm
                 RedPress   0x000039    program     static E:\Mechatronics\OnOffControl\OnOffControl.asm
               RedRelease   0x00003b    program     static E:\Mechatronics\OnOffControl\OnOffControl.asm
              SwitchDelay   0x000053    program     static E:\Mechatronics\OnOffControl\OnOffControl.asm
                    delay   0x000055    program     static E:\Mechatronics\OnOffControl\OnOffControl.asm
                 initPort   0x000010    program     static E:\Mechatronics\OnOffControl\OnOffControl.asm
               isrService   0x00006c    program     static E:\Mechatronics\OnOffControl\OnOffControl.asm
                modeError   0x000058    program     static E:\Mechatronics\OnOffControl\OnOffControl.asm
                timeDelay   0x000065    program     static E:\Mechatronics\OnOffControl\OnOffControl.asm
                 timeLoop   0x00005f    program     static E:\Mechatronics\OnOffControl\OnOffControl.asm
           waitGreenPress   0x000021    program     static E:\Mechatronics\OnOffControl\OnOffControl.asm
            waitPressMode   0x000027    program     static E:\Mechatronics\OnOffControl\OnOffControl.asm
             waitRedPress   0x000024    program     static E:\Mechatronics\OnOffControl\OnOffControl.asm



                              Symbols - Sorted by Address
                     Name    Address   Location    Storage File                     
                ---------  ---------  ---------  --------- ---------                
                 initPort   0x000010    program     static E:\Mechatronics\OnOffControl\OnOffControl.asm
           waitGreenPress   0x000021    program     static E:\Mechatronics\OnOffControl\OnOffControl.asm
             waitRedPress   0x000024    program     static E:\Mechatronics\OnOffControl\OnOffControl.asm
            waitPressMode   0x000027    program     static E:\Mechatronics\OnOffControl\OnOffControl.asm
               GreenPress   0x00002c    program     static E:\Mechatronics\OnOffControl\OnOffControl.asm
             GreenRelease   0x00002e    program     static E:\Mechatronics\OnOffControl\OnOffControl.asm
                 RedPress   0x000039    program     static E:\Mechatronics\OnOffControl\OnOffControl.asm
               RedRelease   0x00003b    program     static E:\Mechatronics\OnOffControl\OnOffControl.asm
               ModeSelect   0x00003f    program     static E:\Mechatronics\OnOffControl\OnOffControl.asm
              ModeSelectA   0x000047    program     static E:\Mechatronics\OnOffControl\OnOffControl.asm
                    Mode1   0x00004a    program     static E:\Mechatronics\OnOffControl\OnOffControl.asm
              Mode1Extend   0x00004d    program     static E:\Mechatronics\OnOffControl\OnOffControl.asm
                    Mode2   0x000051    program     static E:\Mechatronics\OnOffControl\OnOffControl.asm
                    Mode3   0x000052    program     static E:\Mechatronics\OnOffControl\OnOffControl.asm
              SwitchDelay   0x000053    program     static E:\Mechatronics\OnOffControl\OnOffControl.asm
                    delay   0x000055    program     static E:\Mechatronics\OnOffControl\OnOffControl.asm
                modeError   0x000058    program     static E:\Mechatronics\OnOffControl\OnOffControl.asm
                 timeLoop   0x00005f    program     static E:\Mechatronics\OnOffControl\OnOffControl.asm
                timeDelay   0x000065    program     static E:\Mechatronics\OnOffControl\OnOffControl.asm
               isrService   0x00006c    program     static E:\Mechatronics\OnOffControl\OnOffControl.asm


