MPLINK 4.33, Linker
Linker Map File - Created Fri Oct 25 16:07:20 2013

                                 Section Info
                  Section       Type    Address   Location Size(Bytes)
                ---------  ---------  ---------  ---------  ---------
                   .org_0       code   0x000000    program   0x000002
                   .cinit    romdata   0x000001    program   0x000004
                   .org_1       code   0x000004    program   0x000002
                   .org_2       code   0x000010    program   0x000160
.config_2007_ONOFFCONTROL.O       code   0x002007    program   0x000002



                              Program Memory Usage 
                               Start         End      
                           ---------   ---------      
                            0x000000    0x000002      
                            0x000004    0x000004      
                            0x000010    0x0000bf      
                            0x002007    0x002007      
            181 out of 4101 program addresses used, program memory utilization is 4%



                              Symbols - Sorted by Name
                     Name    Address   Location    Storage File                     
                ---------  ---------  ---------  --------- ---------                
              ADTimeDelay   0x0000ac    program     static D:\OnOffControl\OnOffControl.asm
               ADTimeLoop   0x0000a6    program     static D:\OnOffControl\OnOffControl.asm
               GreenPress   0x00002b    program     static D:\OnOffControl\OnOffControl.asm
        GreenPressInitial   0x000028    program     static D:\OnOffControl\OnOffControl.asm
             GreenRelease   0x00002d    program     static D:\OnOffControl\OnOffControl.asm
                    Mode1   0x000049    program     static D:\OnOffControl\OnOffControl.asm
                    Mode2   0x000051    program     static D:\OnOffControl\OnOffControl.asm
                    Mode3   0x000059    program     static D:\OnOffControl\OnOffControl.asm
                ModeError   0x000092    program     static D:\OnOffControl\OnOffControl.asm
               ModeSelect   0x00003d    program     static D:\OnOffControl\OnOffControl.asm
              ModeSelectA   0x000044    program     static D:\OnOffControl\OnOffControl.asm
               PotenCheck   0x00007c    program     static D:\OnOffControl\OnOffControl.asm
                 RedPress   0x000037    program     static D:\OnOffControl\OnOffControl.asm
               RedRelease   0x000039    program     static D:\OnOffControl\OnOffControl.asm
               SetupDelay   0x0000ba    program     static D:\OnOffControl\OnOffControl.asm
          SolednoidEngage   0x00008a    program     static D:\OnOffControl\OnOffControl.asm
             SolenoidTime   0x000080    program     static D:\OnOffControl\OnOffControl.asm
            SolenoidTime3   0x000069    program     static D:\OnOffControl\OnOffControl.asm
              SwitchDelay   0x00008d    program     static D:\OnOffControl\OnOffControl.asm
                TimeCheck   0x00006f    program     static D:\OnOffControl\OnOffControl.asm
                TimeReset   0x000087    program     static D:\OnOffControl\OnOffControl.asm
                WaitPress   0x000023    program     static D:\OnOffControl\OnOffControl.asm
                    delay   0x00008f    program     static D:\OnOffControl\OnOffControl.asm
                   initAD   0x0000b3    program     static D:\OnOffControl\OnOffControl.asm
                 initPort   0x000010    program     static D:\OnOffControl\OnOffControl.asm
               isrService   0x0000bf    program     static D:\OnOffControl\OnOffControl.asm
                 setDelay   0x0000bc    program     static D:\OnOffControl\OnOffControl.asm
                timeDelay   0x00009f    program     static D:\OnOffControl\OnOffControl.asm
                 timeLoop   0x000099    program     static D:\OnOffControl\OnOffControl.asm
           waitGreenPress   0x000020    program     static D:\OnOffControl\OnOffControl.asm
                 waitLoop   0x000072    program     static D:\OnOffControl\OnOffControl.asm



                              Symbols - Sorted by Address
                     Name    Address   Location    Storage File                     
                ---------  ---------  ---------  --------- ---------                
                 initPort   0x000010    program     static D:\OnOffControl\OnOffControl.asm
           waitGreenPress   0x000020    program     static D:\OnOffControl\OnOffControl.asm
                WaitPress   0x000023    program     static D:\OnOffControl\OnOffControl.asm
        GreenPressInitial   0x000028    program     static D:\OnOffControl\OnOffControl.asm
               GreenPress   0x00002b    program     static D:\OnOffControl\OnOffControl.asm
             GreenRelease   0x00002d    program     static D:\OnOffControl\OnOffControl.asm
                 RedPress   0x000037    program     static D:\OnOffControl\OnOffControl.asm
               RedRelease   0x000039    program     static D:\OnOffControl\OnOffControl.asm
               ModeSelect   0x00003d    program     static D:\OnOffControl\OnOffControl.asm
              ModeSelectA   0x000044    program     static D:\OnOffControl\OnOffControl.asm
                    Mode1   0x000049    program     static D:\OnOffControl\OnOffControl.asm
                    Mode2   0x000051    program     static D:\OnOffControl\OnOffControl.asm
                    Mode3   0x000059    program     static D:\OnOffControl\OnOffControl.asm
            SolenoidTime3   0x000069    program     static D:\OnOffControl\OnOffControl.asm
                TimeCheck   0x00006f    program     static D:\OnOffControl\OnOffControl.asm
                 waitLoop   0x000072    program     static D:\OnOffControl\OnOffControl.asm
               PotenCheck   0x00007c    program     static D:\OnOffControl\OnOffControl.asm
             SolenoidTime   0x000080    program     static D:\OnOffControl\OnOffControl.asm
                TimeReset   0x000087    program     static D:\OnOffControl\OnOffControl.asm
          SolednoidEngage   0x00008a    program     static D:\OnOffControl\OnOffControl.asm
              SwitchDelay   0x00008d    program     static D:\OnOffControl\OnOffControl.asm
                    delay   0x00008f    program     static D:\OnOffControl\OnOffControl.asm
                ModeError   0x000092    program     static D:\OnOffControl\OnOffControl.asm
                 timeLoop   0x000099    program     static D:\OnOffControl\OnOffControl.asm
                timeDelay   0x00009f    program     static D:\OnOffControl\OnOffControl.asm
               ADTimeLoop   0x0000a6    program     static D:\OnOffControl\OnOffControl.asm
              ADTimeDelay   0x0000ac    program     static D:\OnOffControl\OnOffControl.asm
                   initAD   0x0000b3    program     static D:\OnOffControl\OnOffControl.asm
               SetupDelay   0x0000ba    program     static D:\OnOffControl\OnOffControl.asm
                 setDelay   0x0000bc    program     static D:\OnOffControl\OnOffControl.asm
               isrService   0x0000bf    program     static D:\OnOffControl\OnOffControl.asm


